<html>
<body>
<pre>
<h1>µVision Build Log</h1>
<h2>Tool Versions:</h2>
IDE-Version: ¦ÌVision V5.14.1
Copyright (C) 2015 ARM Ltd and ARM Germany GmbH. All rights reserved.
License Information: Cortex-M3, i, LIC=0VR56-D4GFK-042SQ-NICBA-31TV0-WCPN0
 
Tool Versions:
Toolchain:       MDK-ARM Professional  Version: 5.16a
Toolchain Path:  D:\Keil\ARM\ARMCC\Bin
C Compiler:      Armcc.exe V5.06 (build 20)
Assembler:       Armasm.exe V5.06 (build 20)
Linker/Locator:  ArmLink.exe V5.06 (build 20)
Library Manager: ArmAr.exe V5.06 (build 20)
Hex Converter:   FromElf.exe V5.06 (build 20)
CPU DLL:         SARMCM3.DLL V5.16a
Dialog DLL:      DARMSTM.DLL V1.65.0.0
Target DLL:      UL2CM3.DLL V1.155.12.0
Dialog DLL:      TARMSTM.DLL V1.64.0.0
 
<h2>Project:</h2>
C:\Users\pc\Documents\git\grbl-0.8-to-stm32\temp.uvprojx
Project File Date:  12/04/2017

<h2>Output:</h2>
*** Using Compiler 'V5.06 (build 20)', folder: 'D:\Keil\ARM\ARMCC\Bin'
Build target 'temp'
compiling main.c...
compiling HW_GPIO.c...
compiling HW_EEPROM.c...
compiling HW_TIM.c...
compiling HW_USART.c...
compiling HW_EXTI.c...
compiling stepper.c...
compiling serial.c...
compiling limits.c...
compiling protocol.c...
compiling spindle_control.c...
compiling coolant_control.c...
compiling nuts_bolts.c...
compiling eeprom.c...
compiling report.c...
compiling print.c...
compiling settings.c...
compiling motion_control.c...
compiling gcode.c...
compiling planner.c...
linking...
Program Size: Code=33742 RO-data=1114 RW-data=24 ZI-data=5816  
FromELF: creating hex file...
".\output\temp.axf" - 0 Error(s), 0 Warning(s).

<h2>Collection of Component include folders:</h2>
  C:\Users\pc\Documents\git\grbl-0.8-to-stm32\RTE
  D:\Keil\Pack\Keil\STM32F1xx_DFP\1.1.0\Device\Include

<h2>Collection of Component Files used:</h2>
</pre>
</body>
</html>
